Log: [954528c6-bca4-4915-a7af-42ecc4ae0943:2026-04-14T15:20:09.804765+0300 - INFO - Successfully accessed /v1/categories/]
Log: [6352c00d-df88-4971-8b5c-04da54ef659a:2026-04-14T15:21:25.678593+0300 - INFO - Successfully accessed /v1/users/]
Log: [d032fc96-1ae0-448f-a695-abc4a4ff2959:2026-04-14T15:21:43.159439+0300 - WARNING - Request to /v1/products/ failed]
Log: [91da1176-4335-4c03-8b56-3c8f3df65b1f:2026-04-14T15:22:21.810505+0300 - WARNING - Request to /test failed]
Log: [3a557b08-2a53-4ef5-a00c-66bf8813b5ec:2026-04-14T16:53:49.491348+0300 - WARNING - Request to / failed]
Log: [17a5501a-afca-4f8d-91d5-0671fa35d1c7:2026-04-15T12:56:07.257806+0300 - WARNING - Request to / failed]
Log: [9eea6ef4-c801-40ae-ae42-cc334fd25ff5:2026-04-15T12:56:07.685510+0300 - WARNING - Request to /apple-touch-icon-precomposed.png failed]
Log: [66748a38-7298-41fc-aeaf-0c9b491369bc:2026-04-15T12:56:07.687676+0300 - WARNING - Request to /apple-touch-icon.png failed]
Log: [779934e6-5785-4b28-a6e5-803447e84f02:2026-04-15T12:56:07.688277+0300 - WARNING - Request to /favicon.ico failed]
Log: [2fae5b35-90bb-4641-a884-4e75c160d76f:2026-04-15T12:56:13.948775+0300 - WARNING - Request to / failed]
Log: [520c4a23-ca35-45aa-9112-edcadcf6d715:2026-04-15T12:56:15.170435+0300 - INFO - Successfully accessed /v1/docs]
Log: [aa964143-d70d-4738-bced-da582d01948e:2026-04-15T12:56:16.016705+0300 - INFO - Successfully accessed /v1/docs]
Log: [73bfcf79-9c77-4c52-aeaa-11548cf28cd4:2026-04-15T12:56:16.160141+0300 - INFO - Successfully accessed /v1/openapi.json]
Log: [2bfa0fde-1a8f-4821-af9f-5a38bb51fdbe:2026-04-15T12:56:41.800819+0300 - INFO - Successfully accessed /v1/docs]
Log: [be10b2c8-5c3d-4826-a727-edc275810352:2026-04-15T12:56:41.832811+0300 - INFO - Successfully accessed /v1/openapi.json]
Log: [1b243fbb-e55d-4382-aaf3-2f64acec723d:2026-04-15T12:56:50.277033+0300 - INFO - Successfully accessed /v1/users/]
Log: [69c76cde-ad32-4d13-8882-623df93b3bea:2026-04-15T12:57:03.816786+0300 - INFO - Successfully accessed /v1/users/token]
Log: [68ff754e-9fbd-42a1-b094-9494fa4b0e25:2026-04-15T12:57:16.245457+0300 - INFO - Successfully accessed /v1/products/]
Log: [5c49a44f-dab3-4872-8d11-d76662c6acc6:2026-04-15T12:58:10.850031+0300 - INFO - Successfully accessed /v1/categories/]
Log: [716f7fa5-1062-41cb-9b55-9b1eca811ecc:2026-04-15T13:01:13.005698+0300 - INFO - Successfully accessed /v1/products/]
Log: [b63eeff5-94a2-401c-9d5e-58c9790b9c25:2026-04-15T13:02:45.984630+0300 - INFO - Successfully accessed /v1/products/]
Log: [86c393a1-6d7c-415e-8e06-f03584b0a2a6:2026-04-15T13:09:31.015351+0300 - INFO - Successfully accessed /v1/products/]
Log: [3142283a-51be-40f3-aff1-7c0c4f1fdc2a:2026-04-15T13:10:50.950392+0300 - INFO - Successfully accessed /v1/products/133]
Log: [c5e36b51-801d-4e3c-8c62-e693efdd40fe:2026-04-15T13:12:01.520108+0300 - WARNING - Request to / failed]
Log: [60b35756-bf52-41c9-862d-8dd8873bb8db:2026-04-15T13:13:45.387241+0300 - INFO - Successfully accessed /v1/products/]
Log: [0c20d758-d7ba-49c7-926f-c9c2965be6d7:2026-04-15T13:14:34.107388+0300 - INFO - Successfully accessed /v1/products/]
Log: [c4684a5b-147f-45d2-b144-bdc15ddfda8d:2026-04-15T13:14:48.411188+0300 - WARNING - Request to / failed]
Log: [48b4cf49-e399-4ca3-a515-18cc93e36760:2026-04-15T13:14:52.287535+0300 - WARNING - Request to //media/products/1f744e3d-df4f-4452-b1ca-146fb3d6dc52.webp failed]
Log: [64971dac-c9e2-4945-bdda-59006adeebfb:2026-04-15T13:14:59.787700+0300 - INFO - Successfully accessed /media/products/1f744e3d-df4f-4452-b1ca-146fb3d6dc52.webp]
Log: [49e14c54-dc95-4fd4-927e-b121ab35c6a2:2026-04-15T13:15:28.191648+0300 - INFO - Successfully accessed /v1/products/133]
Log: [96c613a9-5aa2-4aad-a9e6-1350b0e60b6b:2026-04-15T13:16:50.610837+0300 - INFO - Successfully accessed /v1/products/134]
Log: [5faf905a-c4fa-4b25-ad96-cfb8ce6d98f3:2026-04-15T13:17:00.827974+0300 - INFO - Successfully accessed /v1/products/134]
Log: [1a693c20-a025-4d54-9171-6225a8a76a41:2026-04-15T13:18:27.645749+0300 - INFO - Successfully accessed /v1/products/]
Log: [4129b056-9d80-47f1-b2b9-48d0d0267fef:2026-04-15T13:18:49.997375+0300 - INFO - Successfully accessed /v1/products/]
